<?xml version="1.0" encoding="windows-1251"?>
<ArrayOfGameResult xmlns:xsi="http://www.w3.org/2001/XMLSchema-instance" xmlns:xsd="http://www.w3.org/2001/XMLSchema">
  <GameResult>
    <Score>287</Score>
    <Nickname>saz57</Nickname>
  </GameResult>
  <GameResult>
    <Score>110</Score>
    <Nickname>saz57</Nickname>
  </GameResult>
  <GameResult>
    <Score>25</Score>
    <Nickname>sdf</Nickname>
  </GameResult>
  <GameResult>
    <Score>16</Score>
    <Nickname>пууап</Nickname>
  </GameResult>
  <GameResult>
    <Score>8</Score>
    <Nickname>петрик</Nickname>
  </GameResult>
  <GameResult>
    <Score>7</Score>
    <Nickname>345</Nickname>
  </GameResult>
  <GameResult>
    <Score>4</Score>
    <Nickname>oooo</Nickname>
  </GameResult>
  <GameResult>
    <Score>2</Score>
    <Nickname>sdad</Nickname>
  </GameResult>
</ArrayOfGameResult>